// Jest Snapshot v1, https://goo.gl/fbAQLP

exports[`DatafeedEventsService #readDatafeed handles error 1`] = `
Array [
  Array [
    Object {
      "agent": undefined,
      "headers": Object {
        "keyManagerToken": "key-manager-token",
        "sessionToken": "session-token",
      },
      "host": "localhost:443",
      "hostname": "localhost",
      "method": "GET",
      "path": "/agent/v4/datafeed/abc123/read",
      "port": 443,
      "proto": "https",
    },
    [Function],
  ],
]
`;
